============================= test session starts =============================
platform win32 -- Python 3.13.3, pytest-8.4.1, pluggy-1.6.0
PyQt6 6.9.1 -- Qt runtime 6.9.1 -- Qt compiled 6.9.0
rootdir: C:\Users\TRENDINGPC\Documents\ProyectosCursor-inteligenciaartificial\Hefest
configfile: pyproject.toml
testpaths: tests
plugins: cov-6.2.1, qt-4.4.0
collected 147 items

tests\integration\test_dashboard_access_clean.py ...
